(base) jiaxuandemakeben@jiaxuandemakebendeMacBook-Air-2 ~ % cd ~/Desktop
git clone https://github.com/JusHe1/qtm350-quiz01.git
cd qtm350-quiz01

Cloning into 'qtm350-quiz01'...
remote: Enumerating objects: 8, done.
remote: Counting objects: 100% (8/8), done.
remote: Compressing objects: 100% (4/4), done.
remote: Total 8 (delta 0), reused 8 (delta 0), pack-reused 0 (from 0)
Receiving objects: 100% (8/8), done.
(base) jiaxuandemakeben@jiaxuandemakebendeMacBook-Air-2 qtm350-quiz01 % touch commands.txt

(base) jiaxuandemakeben@jiaxuandemakebendeMacBook-Air-2 qtm350-quiz01 % ls

README.md	commands.txt	data		docs		scripts
(base) jiaxuandemakeben@jiaxuandemakebendeMacBook-Air-2 qtm350-quiz01 % git checkout -b feature-update

Switched to a new branch 'feature-update'
(base) jiaxuandemakeben@jiaxuandemakebendeMacBook-Air-2 qtm350-quiz01 % mkdir reports

(base) jiaxuandemakeben@jiaxuandemakebendeMacBook-Air-2 qtm350-quiz01 % touch reports/summary.md

(base) jiaxuandemakeben@jiaxuandemakebendeMacBook-Air-2 qtm350-quiz01 % ls reports

summary.md
(base) jiaxuandemakeben@jiaxuandemakebendeMacBook-Air-2 qtm350-quiz01 % echo "This document provides a summary of the project updates." > reports/summary.md

(base) jiaxuandemakeben@jiaxuandemakebendeMacBook-Air-2 qtm350-quiz01 % cat reports/summary.md

This document provides a summary of the project updates.
(base) jiaxuandemakeben@jiaxuandemakebendeMacBook-Air-2 qtm350-quiz01 % git add reports

(base) jiaxuandemakeben@jiaxuandemakebendeMacBook-Air-2 qtm350-quiz01 % git status

On branch feature-update
Changes to be committed:
  (use "git restore --staged <file>..." to unstage)
	new file:   reports/summary.md

Untracked files:
  (use "git add <file>..." to include in what will be committed)
	commands.txt

(base) jiaxuandemakeben@jiaxuandemakebendeMacBook-Air-2 qtm350-quiz01 % git commit -m "Add reports directory"

[feature-update d93d824] Add reports directory
 1 file changed, 1 insertion(+)
 create mode 100644 reports/summary.md
(base) jiaxuandemakeben@jiaxuandemakebendeMacBook-Air-2 qtm350-quiz01 % touch reports/file{1..3}.txt

(base) jiaxuandemakeben@jiaxuandemakebendeMacBook-Air-2 qtm350-quiz01 % ls reports 

file1.txt	file2.txt	file3.txt	summary.md
(base) jiaxuandemakeben@jiaxuandemakebendeMacBook-Air-2 qtm350-quiz01 % git mv data/raw-data.csv data/input-data.csv

(base) jiaxuandemakeben@jiaxuandemakebendeMacBook-Air-2 qtm350-quiz01 % ls data

input-data.csv
(base) jiaxuandemakeben@jiaxuandemakebendeMacBook-Air-2 qtm350-quiz01 % mkdir -p scripts/backup && cp scripts/*.py scripts/backup/

(base) jiaxuandemakeben@jiaxuandemakebendeMacBook-Air-2 qtm350-quiz01 % ls scripts/backup

01-setup.py		02-data-cleaning.py	03-data-modelling.py
(base) jiaxuandemakeben@jiaxuandemakebendeMacBook-Air-2 qtm350-quiz01 % git rm docs/documentation.md

rm 'docs/documentation.md'
(base) jiaxuandemakeben@jiaxuandemakebendeMacBook-Air-2 qtm350-quiz01 % git status 

On branch feature-update
Changes to be committed:
  (use "git restore --staged <file>..." to unstage)
	renamed:    data/raw-data.csv -> data/input-data.csv
	deleted:    docs/documentation.md

Untracked files:
  (use "git add <file>..." to include in what will be committed)
	commands.txt
	reports/file1.txt
	reports/file2.txt
	reports/file3.txt
	scripts/backup/

(base) jiaxuandemakeben@jiaxuandemakebendeMacBook-Air-2 qtm350-quiz01 % git add -A 
git commit -m "Update project files"

[feature-update d6f42d2] Update project files
 9 files changed, 1 deletion(-)
 rename data/raw-data.csv => commands.txt (100%)
 create mode 100644 data/input-data.csv
 delete mode 100644 docs/documentation.md
 create mode 100644 reports/file1.txt
 create mode 100644 reports/file2.txt
 create mode 100644 reports/file3.txt
 create mode 100644 scripts/backup/01-setup.py
 create mode 100644 scripts/backup/02-data-cleaning.py
 create mode 100644 scripts/backup/03-data-modelling.py
(base) jiaxuandemakeben@jiaxuandemakebendeMacBook-Air-2 qtm350-quiz01 % touch .gitignore

(base) jiaxuandemakeben@jiaxuandemakebendeMacBook-Air-2 qtm350-quiz01 % echo -e "temp/\ndataset0?.csv" > .gitignore

(base) jiaxuandemakeben@jiaxuandemakebendeMacBook-Air-2 qtm350-quiz01 % cat .gitignore

temp/
dataset0?.csv
(base) jiaxuandemakeben@jiaxuandemakebendeMacBook-Air-2 qtm350-quiz01 % cat .gitignore

temp/
dataset0?.csv
(base) jiaxuandemakeben@jiaxuandemakebendeMacBook-Air-2 qtm350-quiz01 % git add .gitignore && git commit -m "Add .gitignore file"

[feature-update 4935b48] Add .gitignore file
 1 file changed, 2 insertions(+)
 create mode 100644 .gitignore
(base) jiaxuandemakeben@jiaxuandemakebendeMacBook-Air-2 qtm350-quiz01 % git checkout main
git merge feature-update

Switched to branch 'main'
Your branch is up to date with 'origin/main'.
Updating 4ba1160..4935b48
Fast-forward
 .gitignore                          | 2 ++
 data/raw-data.csv => commands.txt   | 0
 data/input-data.csv                 | 0
 docs/documentation.md               | 1 -
 reports/file1.txt                   | 0
 reports/file2.txt                   | 0
 reports/file3.txt                   | 0
 reports/summary.md                  | 1 +
 scripts/backup/01-setup.py          | 0
 scripts/backup/02-data-cleaning.py  | 0
 scripts/backup/03-data-modelling.py | 0
 11 files changed, 3 insertions(+), 1 deletion(-)
 create mode 100644 .gitignore
 rename data/raw-data.csv => commands.txt (100%)
 create mode 100644 data/input-data.csv
 delete mode 100644 docs/documentation.md
 create mode 100644 reports/file1.txt
 create mode 100644 reports/file2.txt
 create mode 100644 reports/file3.txt
 create mode 100644 reports/summary.md
 create mode 100644 scripts/backup/01-setup.py
 create mode 100644 scripts/backup/02-data-cleaning.py
 create mode 100644 scripts/backup/03-data-modelling.py
(base) jiaxuandemakeben@jiaxuandemakebendeMacBook-Air-2 qtm350-quiz01 % nano commands.txt

(base) jiaxuandemakeben@jiaxuandemakebendeMacBook-Air-2 qtm350-quiz01 % git add commands.txt
git commit -m "Add full command log to commands.txt"
git push origin main

[main d637905] Add full command log to commands.txt
 1 file changed, 25 insertions(+)
Enumerating objects: 18, done.
Counting objects: 100% (18/18), done.
Delta compression using up to 8 threads
Compressing objects: 100% (12/12), done.
Writing objects: 100% (15/15), 1.83 KiB | 1.83 MiB/s, done.
Total 15 (delta 3), reused 0 (delta 0), pack-reused 0
remote: Resolving deltas: 100% (3/3), completed with 1 local object.
To https://github.com/JusHe1/qtm350-quiz01.git
   4ba1160..d637905  main -> main
(base) jiaxuandemakeben@jiaxuandemakebendeMacBook-Air-2 qtm350-quiz01 % touch commands2.txt

(base) jiaxuandemakeben@jiaxuandemakebendeMacBook-Air-2 qtm350-quiz01 % nano commands2.txt

(base) jiaxuandemakeben@jiaxuandemakebendeMacBook-Air-2 qtm350-quiz01 % git add commands2.txt
git commit -m "Add commands2.txt with commands and outputs"
git push origin main

[main 3a4d025] Add commands2.txt with commands and outputs
 1 file changed, 0 insertions(+), 0 deletions(-)
 create mode 100644 commands2.txt
Enumerating objects: 4, done.
Counting objects: 100% (4/4), done.
Delta compression using up to 8 threads
Compressing objects: 100% (2/2), done.
Writing objects: 100% (3/3), 298 bytes | 298.00 KiB/s, done.
Total 3 (delta 1), reused 1 (delta 0), pack-reused 0
remote: Resolving deltas: 100% (1/1), completed with 1 local object.
To https://github.com/JusHe1/qtm350-quiz01.git
   d637905..3a4d025  main -> main
(base) jiaxuandemakeben@jiaxuandemakebendeMacBook-Air-2 qtm350-quiz01 % 

